wilder@wilder-ThinkPad-T440p:~/quetes/GitQuetes$ cd QueteShareza/
wilder@wilder-ThinkPad-T440p:~/quetes/GitQuetes/QueteShareza$ ls
wilder@wilder-ThinkPad-T440p:~/quetes/GitQuetes/QueteShareza$ ls
wilder@wilder-ThinkPad-T440p:~/quetes/GitQuetes/QueteShareza$ git clone https://github.com/TimoArdi/sharezza-social.git
Cloning into 'sharezza-social'...
remote: Enumerating objects: 6, done.
remote: Counting objects: 100% (6/6), done.
remote: Compressing objects: 100% (4/4), done.
remote: Total 6 (delta 0), reused 0 (delta 0), pack-reused 0
Unpacking objects: 100% (6/6), done.
wilder@wilder-ThinkPad-T440p:~/quetes/GitQuetes/QueteShareza$ ls
sharezza-social
wilder@wilder-ThinkPad-T440p:~/quetes/GitQuetes/QueteShareza$ cd sharezza-social/
wilder@wilder-ThinkPad-T440p:~/quetes/GitQuetes/QueteShareza/sharezza-social$ lsindex.html  README.md
wilder@wilder-ThinkPad-T440p:~/quetes/GitQuetes/QueteShareza/sharezza-social$ git remote -v
origin	https://github.com/TimoArdi/sharezza-social.git (fetch)
origin	https://github.com/TimoArdi/sharezza-social.git (push)
wilder@wilder-ThinkPad-T440p:~/quetes/GitQuetes/QueteShareza/sharezza-social$ git status
On branch master
Your branch is up to date with 'origin/master'.

Changes not staged for commit:
  (use "git add <file>..." to update what will be committed)
  (use "git checkout -- <file>..." to discard changes in working directory)

	modified:   index.html

no changes added to commit (use "git add" and/or "git commit -a")
wilder@wilder-ThinkPad-T440p:~/quetes/GitQuetes/QueteShareza/sharezza-social$ git add index.html 
wilder@wilder-ThinkPad-T440p:~/quetes/GitQuetes/QueteShareza/sharezza-social$ git commit -m "Ajout h1 et Title"
[master 09792c8] Ajout h1 et Title
 1 file changed, 2 insertions(+), 1 deletion(-)
wilder@wilder-ThinkPad-T440p:~/quetes/GitQuetes/QueteShareza/sharezza-social$ git status
On branch master
Your branch is ahead of 'origin/master' by 1 commit.
  (use "git push" to publish your local commits)

nothing to commit, working tree clean
wilder@wilder-ThinkPad-T440p:~/quetes/GitQuetes/QueteShareza/sharezza-social$ git push origin master
Username for 'https://github.com': TimoArdi
Password for 'https://TimoArdi@github.com': 
Counting objects: 3, done.
Delta compression using up to 4 threads.
Compressing objects: 100% (3/3), done.
Writing objects: 100% (3/3), 388 bytes | 388.00 KiB/s, done.
Total 3 (delta 0), reused 0 (delta 0)
To https://github.com/TimoArdi/sharezza-social.git
   0e4117a..09792c8  master -> master
wilder@wilder-ThinkPad-T440p:~/quetes/GitQuetes/QueteShareza/sharezza-social$ 
